// Jest Snapshot v1, https://goo.gl/fbAQLP

exports[`MovieDetails should match snapshot without a selected movie 1`] = `ShallowWrapper {}`;
